// Jest Snapshot v1, https://goo.gl/fbAQLP

exports[`components/common/loaders/circular should render 1`] = `
<DocumentFragment>
  <div
    class="text-primary inline-block h-8 w-8 animate-spin rounded-full border-4 border-solid border-current border-e-transparent align-[-0.125em] text-surface motion-reduce:animate-[spin_1.5s_linear_infinite]"
  >
    <span
      class="!absolute !-m-px !h-px !w-px !overflow-hidden !whitespace-nowrap !border-0 !p-0 ![clip:rect(0,0,0,0)]"
    >
      Loading...
    </span>
  </div>
</DocumentFragment>
`;
