// Jest Snapshot v1, https://goo.gl/fbAQLP

exports[`components/common/tooltip should match the snapshot 1`] = `
<DocumentFragment>
  <button
    class="w-fit"
    data-state="closed"
  >
    Hover
  </button>
</DocumentFragment>
`;
